../Core/Src/main.c:97:6:HAL_TIM_IC_CaptureCallback	7
../Core/Src/main.c:150:5:main	1
../Core/Src/main.c:216:6:SystemClock_Config	3
../Core/Src/main.c:263:13:MX_TIM1_Init	6
../Core/Src/main.c:322:13:MX_TIM2_Init	6
../Core/Src/main.c:381:13:MX_TIM5_Init	4
../Core/Src/main.c:430:13:MX_USART1_UART_Init	2
../Core/Src/main.c:461:13:MX_DMA_Init	1
../Core/Src/main.c:479:13:MX_GPIO_Init	1
../Core/Src/main.c:516:6:HAL_UART_RxCpltCallback	1
../Core/Src/main.c:524:6:motor_handle	7
../Core/Src/main.c:555:6:Error_Handler	1
