../Core/Src/main.c:97:6:HAL_TIM_IC_CaptureCallback	72	static
../Core/Src/main.c:150:5:main	8	static
../Core/Src/main.c:216:6:SystemClock_Config	88	static
../Core/Src/main.c:263:13:MX_TIM1_Init	48	static
../Core/Src/main.c:322:13:MX_TIM2_Init	64	static
../Core/Src/main.c:381:13:MX_TIM5_Init	48	static
../Core/Src/main.c:430:13:MX_USART1_UART_Init	8	static
../Core/Src/main.c:461:13:MX_DMA_Init	16	static
../Core/Src/main.c:479:13:MX_GPIO_Init	40	static
../Core/Src/main.c:516:6:HAL_UART_RxCpltCallback	24	static
../Core/Src/main.c:524:6:motor_handle	16	static
../Core/Src/main.c:555:6:Error_Handler	4	static,ignoring_inline_asm
