../Core/Src/main.c:97:6:HAL_TIM_IC_CaptureCallback	72	static
../Core/Src/main.c:150:5:main	8	static
../Core/Src/main.c:231:6:SystemClock_Config	88	static
../Core/Src/main.c:278:13:MX_TIM1_Init	48	static
../Core/Src/main.c:337:13:MX_TIM2_Init	64	static
../Core/Src/main.c:396:13:MX_TIM5_Init	48	static
../Core/Src/main.c:445:13:MX_USART1_UART_Init	8	static
../Core/Src/main.c:476:13:MX_DMA_Init	16	static
../Core/Src/main.c:494:13:MX_GPIO_Init	40	static
../Core/Src/main.c:541:6:HAL_UART_RxCpltCallback	24	static
../Core/Src/main.c:549:6:motor_handle	16	static
../Core/Src/main.c:580:6:Error_Handler	4	static,ignoring_inline_asm
