../Core/Src/main.c:102:5:main	1
../Core/Src/main.c:167:6:SystemClock_Config	3
../Core/Src/main.c:214:13:MX_TIM1_Init	4
../Core/Src/main.c:263:13:MX_TIM2_Init	6
../Core/Src/main.c:322:13:MX_TIM5_Init	4
../Core/Src/main.c:371:13:MX_USART1_UART_Init	2
../Core/Src/main.c:402:13:MX_DMA_Init	1
../Core/Src/main.c:420:13:MX_GPIO_Init	1
../Core/Src/main.c:456:6:HAL_UART_RxCpltCallback	1
../Core/Src/main.c:464:6:motor_handle	6
../Core/Src/main.c:482:6:HAL_TIM_IC_CaptureCallback	6
../Core/Src/main.c:533:6:Error_Handler	1
