../Core/Src/main.c:61:6:ResetI2C	16	static
../Core/Src/main.c:90:5:main	112	static
../Core/Src/main.c:180:6:SystemClock_Config	88	static
../Core/Src/main.c:227:13:MX_I2C1_Init	8	static
../Core/Src/main.c:261:13:MX_USART1_UART_Init	8	static
../Core/Src/main.c:294:13:MX_GPIO_Init	40	static
../Core/Src/main.c:330:6:StartDefaultTask	16	static
../Core/Src/main.c:348:6:IRTask_Start	16	static
../Core/Src/main.c:374:6:I2CSendTask_Start	16	static
../Core/Src/main.c:402:6:Error_Handler	4	static,ignoring_inline_asm
