13:43:15 **** Incremental Build of configuration Debug for project drive-motor-hcsr04 ****
make -j12 all 
arm-none-eabi-gcc "../Core/Src/main.c" -mcpu=cortex-m4 -std=gnu11 -g3 -DDEBUG -DUSE_HAL_DRIVER -DSTM32F411xE -c -I../Core/Inc -I../Drivers/STM32F4xx_HAL_Driver/Inc -I../Drivers/STM32F4xx_HAL_Driver/Inc/Legacy -I../Drivers/CMSIS/Device/ST/STM32F4xx/Include -I../Drivers/CMSIS/Include -O0 -ffunction-sections -fdata-sections -Wall -fstack-usage -MMD -MP -MF"Core/Src/main.d" -MT"Core/Src/main.o" --specs=nano.specs -mfpu=fpv4-sp-d16 -mfloat-abi=hard -mthumb -o "Core/Src/main.o"
arm-none-eabi-gcc -o "drive-motor-hcsr04.elf" @"objects.list"   -mcpu=cortex-m4 -T"E:\UFU\TCC\Github Rep\TCC-PA-Robot\ST\Tests\drive-motor-hcsr04\STM32F411CEUX_FLASH.ld" --specs=nosys.specs -Wl,-Map="drive-motor-hcsr04.map" -Wl,--gc-sections -static --specs=nano.specs -mfpu=fpv4-sp-d16 -mfloat-abi=hard -mthumb -Wl,--start-group -lc -lm -Wl,--end-group
Finished building target: drive-motor-hcsr04.elf
 
arm-none-eabi-size   drive-motor-hcsr04.elf 
arm-none-eabi-objdump -h -S  drive-motor-hcsr04.elf  > "drive-motor-hcsr04.list"
   text	   data	    bss	    dec	    hex	filename
  14192	     20	   1876	  16088	   3ed8	drive-motor-hcsr04.elf
Finished building: default.size.stdout
 
Finished building: drive-motor-hcsr04.list
 

13:43:16 Build Finished. 0 errors, 0 warnings. (took 574ms)

