11:41:30 **** Incremental Build of configuration Debug for project drive-motor-hcsr04 ****
make -j8 all 
arm-none-eabi-gcc -o "drive-motor-hcsr04.elf" @"objects.list"   -mcpu=cortex-m4 -T"C:\UFU\Github-Rep\TCC-PA-Robot\ST\Tests\drive-motor-hcsr04\STM32F411CEUX_FLASH.ld" --specs=nosys.specs -Wl,-Map="drive-motor-hcsr04.map" -Wl,--gc-sections -static --specs=nano.specs -mfpu=fpv4-sp-d16 -mfloat-abi=hard -mthumb -Wl,--start-group -lc -lm -Wl,--end-group
Finished building target: drive-motor-hcsr04.elf
 
arm-none-eabi-size   drive-motor-hcsr04.elf 
arm-none-eabi-objdump -h -S  drive-motor-hcsr04.elf  > "drive-motor-hcsr04.list"
arm-none-eabi-objcopy  -O binary  drive-motor-hcsr04.elf  "drive-motor-hcsr04.bin"
   text	   data	    bss	    dec	    hex	filename
  15044	     20	   1868	  16932	   4224	drive-motor-hcsr04.elf
Finished building: default.size.stdout
 
Finished building: drive-motor-hcsr04.list
 
Finished building: drive-motor-hcsr04.bin
 

11:41:31 Build Finished. 0 errors, 0 warnings. (took 879ms)

