16:26:12 **** Incremental Build of configuration Debug for project drive-motor-hcsr04 ****
make -j12 all 
arm-none-eabi-gcc "../Core/Src/motor.c" -mcpu=cortex-m4 -std=gnu11 -g3 -DDEBUG -DUSE_HAL_DRIVER -DSTM32F411xE -c -I../Core/Inc -I../Drivers/STM32F4xx_HAL_Driver/Inc -I../Drivers/STM32F4xx_HAL_Driver/Inc/Legacy -I../Drivers/CMSIS/Device/ST/STM32F4xx/Include -I../Drivers/CMSIS/Include -O0 -ffunction-sections -fdata-sections -Wall -fstack-usage -fcyclomatic-complexity -MMD -MP -MF"Core/Src/motor.d" -MT"Core/Src/motor.o" --specs=nano.specs -mfpu=fpv4-sp-d16 -mfloat-abi=hard -mthumb -o "Core/Src/motor.o"
arm-none-eabi-gcc -o "drive-motor-hcsr04.elf" @"objects.list"   -mcpu=cortex-m4 -T"E:\UFU\TCC\Github Rep\TCC-PA-Robot\ST\Tests\drive-motor-hcsr04\STM32F411CEUX_FLASH.ld" --specs=nosys.specs -Wl,-Map="drive-motor-hcsr04.map" -Wl,--gc-sections -static --specs=nano.specs -mfpu=fpv4-sp-d16 -mfloat-abi=hard -mthumb -Wl,--start-group -lc -lm -Wl,--end-group
Finished building target: drive-motor-hcsr04.elf
 
arm-none-eabi-size   drive-motor-hcsr04.elf 
arm-none-eabi-objdump -h -S  drive-motor-hcsr04.elf  > "drive-motor-hcsr04.list"
   text	   data	    bss	    dec	    hex	filename
  14624	     20	   1868	  16512	   4080	drive-motor-hcsr04.elf
Finished building: default.size.stdout
 
Finished building: drive-motor-hcsr04.list
 
16:26:21 **** Incremental Build of configuration Debug for project drive-motor-hcsr04 ****
make -j12 all 
arm-none-eabi-size   drive-motor-hcsr04.elf 
   text	   data	    bss	    dec	    hex	filename
  14624	     20	   1868	  16512	   4080	drive-motor-hcsr04.elf
Finished building: default.size.stdout
 
16:27:24 **** Incremental Build of configuration Debug for project drive-motor-hcsr04 ****
make -j12 all 
arm-none-eabi-size   drive-motor-hcsr04.elf 
   text	   data	    bss	    dec	    hex	filename
  14624	     20	   1868	  16512	   4080	drive-motor-hcsr04.elf
Finished building: default.size.stdout
 
16:28:28 **** Incremental Build of configuration Debug for project drive-motor-hcsr04 ****
make -j12 all 
arm-none-eabi-gcc "../Core/Src/motor.c" -mcpu=cortex-m4 -std=gnu11 -g3 -DDEBUG -DUSE_HAL_DRIVER -DSTM32F411xE -c -I../Core/Inc -I../Drivers/STM32F4xx_HAL_Driver/Inc -I../Drivers/STM32F4xx_HAL_Driver/Inc/Legacy -I../Drivers/CMSIS/Device/ST/STM32F4xx/Include -I../Drivers/CMSIS/Include -O0 -ffunction-sections -fdata-sections -Wall -fstack-usage -fcyclomatic-complexity -MMD -MP -MF"Core/Src/motor.d" -MT"Core/Src/motor.o" --specs=nano.specs -mfpu=fpv4-sp-d16 -mfloat-abi=hard -mthumb -o "Core/Src/motor.o"
arm-none-eabi-gcc -o "drive-motor-hcsr04.elf" @"objects.list"   -mcpu=cortex-m4 -T"E:\UFU\TCC\Github Rep\TCC-PA-Robot\ST\Tests\drive-motor-hcsr04\STM32F411CEUX_FLASH.ld" --specs=nosys.specs -Wl,-Map="drive-motor-hcsr04.map" -Wl,--gc-sections -static --specs=nano.specs -mfpu=fpv4-sp-d16 -mfloat-abi=hard -mthumb -Wl,--start-group -lc -lm -Wl,--end-group
Finished building target: drive-motor-hcsr04.elf
 
arm-none-eabi-size   drive-motor-hcsr04.elf 
arm-none-eabi-objdump -h -S  drive-motor-hcsr04.elf  > "drive-motor-hcsr04.list"
   text	   data	    bss	    dec	    hex	filename
  14624	     20	   1868	  16512	   4080	drive-motor-hcsr04.elf
Finished building: default.size.stdout
 
Finished building: drive-motor-hcsr04.list
 
16:29:57 **** Incremental Build of configuration Debug for project drive-motor-hcsr04 ****
make -j12 all 
arm-none-eabi-gcc "../Core/Src/motor.c" -mcpu=cortex-m4 -std=gnu11 -g3 -DDEBUG -DUSE_HAL_DRIVER -DSTM32F411xE -c -I../Core/Inc -I../Drivers/STM32F4xx_HAL_Driver/Inc -I../Drivers/STM32F4xx_HAL_Driver/Inc/Legacy -I../Drivers/CMSIS/Device/ST/STM32F4xx/Include -I../Drivers/CMSIS/Include -O0 -ffunction-sections -fdata-sections -Wall -fstack-usage -fcyclomatic-complexity -MMD -MP -MF"Core/Src/motor.d" -MT"Core/Src/motor.o" --specs=nano.specs -mfpu=fpv4-sp-d16 -mfloat-abi=hard -mthumb -o "Core/Src/motor.o"
arm-none-eabi-gcc -o "drive-motor-hcsr04.elf" @"objects.list"   -mcpu=cortex-m4 -T"E:\UFU\TCC\Github Rep\TCC-PA-Robot\ST\Tests\drive-motor-hcsr04\STM32F411CEUX_FLASH.ld" --specs=nosys.specs -Wl,-Map="drive-motor-hcsr04.map" -Wl,--gc-sections -static --specs=nano.specs -mfpu=fpv4-sp-d16 -mfloat-abi=hard -mthumb -Wl,--start-group -lc -lm -Wl,--end-group
Finished building target: drive-motor-hcsr04.elf
 
arm-none-eabi-size   drive-motor-hcsr04.elf 
arm-none-eabi-objdump -h -S  drive-motor-hcsr04.elf  > "drive-motor-hcsr04.list"
   text	   data	    bss	    dec	    hex	filename
  14624	     20	   1868	  16512	   4080	drive-motor-hcsr04.elf
Finished building: default.size.stdout
 
Finished building: drive-motor-hcsr04.list
 
16:34:04 **** Incremental Build of configuration Debug for project drive-motor-hcsr04 ****
make -j12 all 
arm-none-eabi-size   drive-motor-hcsr04.elf 
   text	   data	    bss	    dec	    hex	filename
  14624	     20	   1868	  16512	   4080	drive-motor-hcsr04.elf
Finished building: default.size.stdout
 
16:35:27 **** Incremental Build of configuration Debug for project drive-motor-hcsr04 ****
make -j12 all 
arm-none-eabi-gcc "../Core/Src/motor.c" -mcpu=cortex-m4 -std=gnu11 -g3 -DDEBUG -DUSE_HAL_DRIVER -DSTM32F411xE -c -I../Core/Inc -I../Drivers/STM32F4xx_HAL_Driver/Inc -I../Drivers/STM32F4xx_HAL_Driver/Inc/Legacy -I../Drivers/CMSIS/Device/ST/STM32F4xx/Include -I../Drivers/CMSIS/Include -O0 -ffunction-sections -fdata-sections -Wall -fstack-usage -fcyclomatic-complexity -MMD -MP -MF"Core/Src/motor.d" -MT"Core/Src/motor.o" --specs=nano.specs -mfpu=fpv4-sp-d16 -mfloat-abi=hard -mthumb -o "Core/Src/motor.o"
arm-none-eabi-gcc -o "drive-motor-hcsr04.elf" @"objects.list"   -mcpu=cortex-m4 -T"E:\UFU\TCC\Github Rep\TCC-PA-Robot\ST\Tests\drive-motor-hcsr04\STM32F411CEUX_FLASH.ld" --specs=nosys.specs -Wl,-Map="drive-motor-hcsr04.map" -Wl,--gc-sections -static --specs=nano.specs -mfpu=fpv4-sp-d16 -mfloat-abi=hard -mthumb -Wl,--start-group -lc -lm -Wl,--end-group
Finished building target: drive-motor-hcsr04.elf
 
arm-none-eabi-size   drive-motor-hcsr04.elf 
arm-none-eabi-objdump -h -S  drive-motor-hcsr04.elf  > "drive-motor-hcsr04.list"
   text	   data	    bss	    dec	    hex	filename
  14600	     20	   1868	  16488	   4068	drive-motor-hcsr04.elf
Finished building: default.size.stdout
 
Finished building: drive-motor-hcsr04.list
 
16:36:47 **** Incremental Build of configuration Debug for project drive-motor-hcsr04 ****
make -j12 all 
arm-none-eabi-gcc "../Core/Src/motor.c" -mcpu=cortex-m4 -std=gnu11 -g3 -DDEBUG -DUSE_HAL_DRIVER -DSTM32F411xE -c -I../Core/Inc -I../Drivers/STM32F4xx_HAL_Driver/Inc -I../Drivers/STM32F4xx_HAL_Driver/Inc/Legacy -I../Drivers/CMSIS/Device/ST/STM32F4xx/Include -I../Drivers/CMSIS/Include -O0 -ffunction-sections -fdata-sections -Wall -fstack-usage -fcyclomatic-complexity -MMD -MP -MF"Core/Src/motor.d" -MT"Core/Src/motor.o" --specs=nano.specs -mfpu=fpv4-sp-d16 -mfloat-abi=hard -mthumb -o "Core/Src/motor.o"
arm-none-eabi-gcc -o "drive-motor-hcsr04.elf" @"objects.list"   -mcpu=cortex-m4 -T"E:\UFU\TCC\Github Rep\TCC-PA-Robot\ST\Tests\drive-motor-hcsr04\STM32F411CEUX_FLASH.ld" --specs=nosys.specs -Wl,-Map="drive-motor-hcsr04.map" -Wl,--gc-sections -static --specs=nano.specs -mfpu=fpv4-sp-d16 -mfloat-abi=hard -mthumb -Wl,--start-group -lc -lm -Wl,--end-group
Finished building target: drive-motor-hcsr04.elf
 
arm-none-eabi-size   drive-motor-hcsr04.elf 
arm-none-eabi-objdump -h -S  drive-motor-hcsr04.elf  > "drive-motor-hcsr04.list"
   text	   data	    bss	    dec	    hex	filename
  14600	     20	   1868	  16488	   4068	drive-motor-hcsr04.elf
Finished building: default.size.stdout
 
Finished building: drive-motor-hcsr04.list
 
16:37:23 **** Incremental Build of configuration Debug for project drive-motor-hcsr04 ****
make -j12 all 
arm-none-eabi-size   drive-motor-hcsr04.elf 
   text	   data	    bss	    dec	    hex	filename
  14600	     20	   1868	  16488	   4068	drive-motor-hcsr04.elf
Finished building: default.size.stdout
 
16:39:37 **** Incremental Build of configuration Debug for project drive-motor-hcsr04 ****
make -j12 all 
arm-none-eabi-gcc "../Core/Src/motor.c" -mcpu=cortex-m4 -std=gnu11 -g3 -DDEBUG -DUSE_HAL_DRIVER -DSTM32F411xE -c -I../Core/Inc -I../Drivers/STM32F4xx_HAL_Driver/Inc -I../Drivers/STM32F4xx_HAL_Driver/Inc/Legacy -I../Drivers/CMSIS/Device/ST/STM32F4xx/Include -I../Drivers/CMSIS/Include -O0 -ffunction-sections -fdata-sections -Wall -fstack-usage -fcyclomatic-complexity -MMD -MP -MF"Core/Src/motor.d" -MT"Core/Src/motor.o" --specs=nano.specs -mfpu=fpv4-sp-d16 -mfloat-abi=hard -mthumb -o "Core/Src/motor.o"
arm-none-eabi-gcc -o "drive-motor-hcsr04.elf" @"objects.list"   -mcpu=cortex-m4 -T"E:\UFU\TCC\Github Rep\TCC-PA-Robot\ST\Tests\drive-motor-hcsr04\STM32F411CEUX_FLASH.ld" --specs=nosys.specs -Wl,-Map="drive-motor-hcsr04.map" -Wl,--gc-sections -static --specs=nano.specs -mfpu=fpv4-sp-d16 -mfloat-abi=hard -mthumb -Wl,--start-group -lc -lm -Wl,--end-group
Finished building target: drive-motor-hcsr04.elf
 
arm-none-eabi-size   drive-motor-hcsr04.elf 
arm-none-eabi-objdump -h -S  drive-motor-hcsr04.elf  > "drive-motor-hcsr04.list"
   text	   data	    bss	    dec	    hex	filename
  14624	     20	   1868	  16512	   4080	drive-motor-hcsr04.elf
Finished building: default.size.stdout
 
Finished building: drive-motor-hcsr04.list
 
16:40:20 **** Incremental Build of configuration Debug for project drive-motor-hcsr04 ****
make -j12 all 
arm-none-eabi-gcc "../Core/Src/motor.c" -mcpu=cortex-m4 -std=gnu11 -g3 -DDEBUG -DUSE_HAL_DRIVER -DSTM32F411xE -c -I../Core/Inc -I../Drivers/STM32F4xx_HAL_Driver/Inc -I../Drivers/STM32F4xx_HAL_Driver/Inc/Legacy -I../Drivers/CMSIS/Device/ST/STM32F4xx/Include -I../Drivers/CMSIS/Include -O0 -ffunction-sections -fdata-sections -Wall -fstack-usage -fcyclomatic-complexity -MMD -MP -MF"Core/Src/motor.d" -MT"Core/Src/motor.o" --specs=nano.specs -mfpu=fpv4-sp-d16 -mfloat-abi=hard -mthumb -o "Core/Src/motor.o"
arm-none-eabi-gcc -o "drive-motor-hcsr04.elf" @"objects.list"   -mcpu=cortex-m4 -T"E:\UFU\TCC\Github Rep\TCC-PA-Robot\ST\Tests\drive-motor-hcsr04\STM32F411CEUX_FLASH.ld" --specs=nosys.specs -Wl,-Map="drive-motor-hcsr04.map" -Wl,--gc-sections -static --specs=nano.specs -mfpu=fpv4-sp-d16 -mfloat-abi=hard -mthumb -Wl,--start-group -lc -lm -Wl,--end-group
Finished building target: drive-motor-hcsr04.elf
 
arm-none-eabi-size   drive-motor-hcsr04.elf 
arm-none-eabi-objdump -h -S  drive-motor-hcsr04.elf  > "drive-motor-hcsr04.list"
   text	   data	    bss	    dec	    hex	filename
  14624	     20	   1868	  16512	   4080	drive-motor-hcsr04.elf
Finished building: default.size.stdout
 
Finished building: drive-motor-hcsr04.list
 
16:43:03 **** Incremental Build of configuration Debug for project drive-motor-hcsr04 ****
make -j12 all 
arm-none-eabi-gcc "../Core/Src/motor.c" -mcpu=cortex-m4 -std=gnu11 -g3 -DDEBUG -DUSE_HAL_DRIVER -DSTM32F411xE -c -I../Core/Inc -I../Drivers/STM32F4xx_HAL_Driver/Inc -I../Drivers/STM32F4xx_HAL_Driver/Inc/Legacy -I../Drivers/CMSIS/Device/ST/STM32F4xx/Include -I../Drivers/CMSIS/Include -O0 -ffunction-sections -fdata-sections -Wall -fstack-usage -fcyclomatic-complexity -MMD -MP -MF"Core/Src/motor.d" -MT"Core/Src/motor.o" --specs=nano.specs -mfpu=fpv4-sp-d16 -mfloat-abi=hard -mthumb -o "Core/Src/motor.o"
arm-none-eabi-gcc -o "drive-motor-hcsr04.elf" @"objects.list"   -mcpu=cortex-m4 -T"E:\UFU\TCC\Github Rep\TCC-PA-Robot\ST\Tests\drive-motor-hcsr04\STM32F411CEUX_FLASH.ld" --specs=nosys.specs -Wl,-Map="drive-motor-hcsr04.map" -Wl,--gc-sections -static --specs=nano.specs -mfpu=fpv4-sp-d16 -mfloat-abi=hard -mthumb -Wl,--start-group -lc -lm -Wl,--end-group
Finished building target: drive-motor-hcsr04.elf
 
arm-none-eabi-size   drive-motor-hcsr04.elf 
arm-none-eabi-objdump -h -S  drive-motor-hcsr04.elf  > "drive-motor-hcsr04.list"
   text	   data	    bss	    dec	    hex	filename
  14624	     20	   1868	  16512	   4080	drive-motor-hcsr04.elf
Finished building: default.size.stdout
 
Finished building: drive-motor-hcsr04.list
 
16:44:27 **** Incremental Build of configuration Debug for project drive-motor-hcsr04 ****
make -j12 all 
arm-none-eabi-gcc "../Core/Src/motor.c" -mcpu=cortex-m4 -std=gnu11 -g3 -DDEBUG -DUSE_HAL_DRIVER -DSTM32F411xE -c -I../Core/Inc -I../Drivers/STM32F4xx_HAL_Driver/Inc -I../Drivers/STM32F4xx_HAL_Driver/Inc/Legacy -I../Drivers/CMSIS/Device/ST/STM32F4xx/Include -I../Drivers/CMSIS/Include -O0 -ffunction-sections -fdata-sections -Wall -fstack-usage -fcyclomatic-complexity -MMD -MP -MF"Core/Src/motor.d" -MT"Core/Src/motor.o" --specs=nano.specs -mfpu=fpv4-sp-d16 -mfloat-abi=hard -mthumb -o "Core/Src/motor.o"
arm-none-eabi-gcc -o "drive-motor-hcsr04.elf" @"objects.list"   -mcpu=cortex-m4 -T"E:\UFU\TCC\Github Rep\TCC-PA-Robot\ST\Tests\drive-motor-hcsr04\STM32F411CEUX_FLASH.ld" --specs=nosys.specs -Wl,-Map="drive-motor-hcsr04.map" -Wl,--gc-sections -static --specs=nano.specs -mfpu=fpv4-sp-d16 -mfloat-abi=hard -mthumb -Wl,--start-group -lc -lm -Wl,--end-group
Finished building target: drive-motor-hcsr04.elf
 
arm-none-eabi-size   drive-motor-hcsr04.elf 
arm-none-eabi-objdump -h -S  drive-motor-hcsr04.elf  > "drive-motor-hcsr04.list"
   text	   data	    bss	    dec	    hex	filename
  14624	     20	   1868	  16512	   4080	drive-motor-hcsr04.elf
Finished building: default.size.stdout
 
Finished building: drive-motor-hcsr04.list
 
16:47:00 **** Incremental Build of configuration Debug for project drive-motor-hcsr04 ****
make -j12 all 
arm-none-eabi-gcc "../Core/Src/motor.c" -mcpu=cortex-m4 -std=gnu11 -g3 -DDEBUG -DUSE_HAL_DRIVER -DSTM32F411xE -c -I../Core/Inc -I../Drivers/STM32F4xx_HAL_Driver/Inc -I../Drivers/STM32F4xx_HAL_Driver/Inc/Legacy -I../Drivers/CMSIS/Device/ST/STM32F4xx/Include -I../Drivers/CMSIS/Include -O0 -ffunction-sections -fdata-sections -Wall -fstack-usage -fcyclomatic-complexity -MMD -MP -MF"Core/Src/motor.d" -MT"Core/Src/motor.o" --specs=nano.specs -mfpu=fpv4-sp-d16 -mfloat-abi=hard -mthumb -o "Core/Src/motor.o"
arm-none-eabi-gcc -o "drive-motor-hcsr04.elf" @"objects.list"   -mcpu=cortex-m4 -T"E:\UFU\TCC\Github Rep\TCC-PA-Robot\ST\Tests\drive-motor-hcsr04\STM32F411CEUX_FLASH.ld" --specs=nosys.specs -Wl,-Map="drive-motor-hcsr04.map" -Wl,--gc-sections -static --specs=nano.specs -mfpu=fpv4-sp-d16 -mfloat-abi=hard -mthumb -Wl,--start-group -lc -lm -Wl,--end-group
Finished building target: drive-motor-hcsr04.elf
 
arm-none-eabi-size   drive-motor-hcsr04.elf 
arm-none-eabi-objdump -h -S  drive-motor-hcsr04.elf  > "drive-motor-hcsr04.list"
   text	   data	    bss	    dec	    hex	filename
  14624	     20	   1868	  16512	   4080	drive-motor-hcsr04.elf
Finished building: default.size.stdout
 
Finished building: drive-motor-hcsr04.list
 
16:48:03 **** Incremental Build of configuration Debug for project drive-motor-hcsr04 ****
make -j12 all 
arm-none-eabi-gcc "../Core/Src/motor.c" -mcpu=cortex-m4 -std=gnu11 -g3 -DDEBUG -DUSE_HAL_DRIVER -DSTM32F411xE -c -I../Core/Inc -I../Drivers/STM32F4xx_HAL_Driver/Inc -I../Drivers/STM32F4xx_HAL_Driver/Inc/Legacy -I../Drivers/CMSIS/Device/ST/STM32F4xx/Include -I../Drivers/CMSIS/Include -O0 -ffunction-sections -fdata-sections -Wall -fstack-usage -fcyclomatic-complexity -MMD -MP -MF"Core/Src/motor.d" -MT"Core/Src/motor.o" --specs=nano.specs -mfpu=fpv4-sp-d16 -mfloat-abi=hard -mthumb -o "Core/Src/motor.o"
arm-none-eabi-gcc -o "drive-motor-hcsr04.elf" @"objects.list"   -mcpu=cortex-m4 -T"E:\UFU\TCC\Github Rep\TCC-PA-Robot\ST\Tests\drive-motor-hcsr04\STM32F411CEUX_FLASH.ld" --specs=nosys.specs -Wl,-Map="drive-motor-hcsr04.map" -Wl,--gc-sections -static --specs=nano.specs -mfpu=fpv4-sp-d16 -mfloat-abi=hard -mthumb -Wl,--start-group -lc -lm -Wl,--end-group
Finished building target: drive-motor-hcsr04.elf
 
arm-none-eabi-size   drive-motor-hcsr04.elf 
arm-none-eabi-objdump -h -S  drive-motor-hcsr04.elf  > "drive-motor-hcsr04.list"
   text	   data	    bss	    dec	    hex	filename
  14588	     20	   1868	  16476	   405c	drive-motor-hcsr04.elf
Finished building: default.size.stdout
 
Finished building: drive-motor-hcsr04.list
 
16:48:59 **** Incremental Build of configuration Debug for project drive-motor-hcsr04 ****
make -j12 all 
arm-none-eabi-gcc "../Core/Src/motor.c" -mcpu=cortex-m4 -std=gnu11 -g3 -DDEBUG -DUSE_HAL_DRIVER -DSTM32F411xE -c -I../Core/Inc -I../Drivers/STM32F4xx_HAL_Driver/Inc -I../Drivers/STM32F4xx_HAL_Driver/Inc/Legacy -I../Drivers/CMSIS/Device/ST/STM32F4xx/Include -I../Drivers/CMSIS/Include -O0 -ffunction-sections -fdata-sections -Wall -fstack-usage -fcyclomatic-complexity -MMD -MP -MF"Core/Src/motor.d" -MT"Core/Src/motor.o" --specs=nano.specs -mfpu=fpv4-sp-d16 -mfloat-abi=hard -mthumb -o "Core/Src/motor.o"
arm-none-eabi-gcc -o "drive-motor-hcsr04.elf" @"objects.list"   -mcpu=cortex-m4 -T"E:\UFU\TCC\Github Rep\TCC-PA-Robot\ST\Tests\drive-motor-hcsr04\STM32F411CEUX_FLASH.ld" --specs=nosys.specs -Wl,-Map="drive-motor-hcsr04.map" -Wl,--gc-sections -static --specs=nano.specs -mfpu=fpv4-sp-d16 -mfloat-abi=hard -mthumb -Wl,--start-group -lc -lm -Wl,--end-group
Finished building target: drive-motor-hcsr04.elf
 
arm-none-eabi-size   drive-motor-hcsr04.elf 
arm-none-eabi-objdump -h -S  drive-motor-hcsr04.elf  > "drive-motor-hcsr04.list"
   text	   data	    bss	    dec	    hex	filename
  14588	     20	   1868	  16476	   405c	drive-motor-hcsr04.elf
Finished building: default.size.stdout
 
Finished building: drive-motor-hcsr04.list
 
16:50:03 **** Incremental Build of configuration Debug for project drive-motor-hcsr04 ****
make -j12 all 
arm-none-eabi-gcc "../Core/Src/motor.c" -mcpu=cortex-m4 -std=gnu11 -g3 -DDEBUG -DUSE_HAL_DRIVER -DSTM32F411xE -c -I../Core/Inc -I../Drivers/STM32F4xx_HAL_Driver/Inc -I../Drivers/STM32F4xx_HAL_Driver/Inc/Legacy -I../Drivers/CMSIS/Device/ST/STM32F4xx/Include -I../Drivers/CMSIS/Include -O0 -ffunction-sections -fdata-sections -Wall -fstack-usage -fcyclomatic-complexity -MMD -MP -MF"Core/Src/motor.d" -MT"Core/Src/motor.o" --specs=nano.specs -mfpu=fpv4-sp-d16 -mfloat-abi=hard -mthumb -o "Core/Src/motor.o"
arm-none-eabi-gcc -o "drive-motor-hcsr04.elf" @"objects.list"   -mcpu=cortex-m4 -T"E:\UFU\TCC\Github Rep\TCC-PA-Robot\ST\Tests\drive-motor-hcsr04\STM32F411CEUX_FLASH.ld" --specs=nosys.specs -Wl,-Map="drive-motor-hcsr04.map" -Wl,--gc-sections -static --specs=nano.specs -mfpu=fpv4-sp-d16 -mfloat-abi=hard -mthumb -Wl,--start-group -lc -lm -Wl,--end-group
Finished building target: drive-motor-hcsr04.elf
 
arm-none-eabi-size   drive-motor-hcsr04.elf 
arm-none-eabi-objdump -h -S  drive-motor-hcsr04.elf  > "drive-motor-hcsr04.list"
   text	   data	    bss	    dec	    hex	filename
  14624	     20	   1868	  16512	   4080	drive-motor-hcsr04.elf
Finished building: default.size.stdout
 
Finished building: drive-motor-hcsr04.list
 
16:50:56 **** Incremental Build of configuration Debug for project drive-motor-hcsr04 ****
make -j12 all 
arm-none-eabi-gcc "../Core/Src/motor.c" -mcpu=cortex-m4 -std=gnu11 -g3 -DDEBUG -DUSE_HAL_DRIVER -DSTM32F411xE -c -I../Core/Inc -I../Drivers/STM32F4xx_HAL_Driver/Inc -I../Drivers/STM32F4xx_HAL_Driver/Inc/Legacy -I../Drivers/CMSIS/Device/ST/STM32F4xx/Include -I../Drivers/CMSIS/Include -O0 -ffunction-sections -fdata-sections -Wall -fstack-usage -fcyclomatic-complexity -MMD -MP -MF"Core/Src/motor.d" -MT"Core/Src/motor.o" --specs=nano.specs -mfpu=fpv4-sp-d16 -mfloat-abi=hard -mthumb -o "Core/Src/motor.o"
arm-none-eabi-gcc -o "drive-motor-hcsr04.elf" @"objects.list"   -mcpu=cortex-m4 -T"E:\UFU\TCC\Github Rep\TCC-PA-Robot\ST\Tests\drive-motor-hcsr04\STM32F411CEUX_FLASH.ld" --specs=nosys.specs -Wl,-Map="drive-motor-hcsr04.map" -Wl,--gc-sections -static --specs=nano.specs -mfpu=fpv4-sp-d16 -mfloat-abi=hard -mthumb -Wl,--start-group -lc -lm -Wl,--end-group
Finished building target: drive-motor-hcsr04.elf
 
arm-none-eabi-size   drive-motor-hcsr04.elf 
arm-none-eabi-objdump -h -S  drive-motor-hcsr04.elf  > "drive-motor-hcsr04.list"
   text	   data	    bss	    dec	    hex	filename
  14624	     20	   1868	  16512	   4080	drive-motor-hcsr04.elf
Finished building: default.size.stdout
 
Finished building: drive-motor-hcsr04.list
 
16:52:15 **** Incremental Build of configuration Debug for project drive-motor-hcsr04 ****
make -j12 all 
arm-none-eabi-gcc "../Core/Src/motor.c" -mcpu=cortex-m4 -std=gnu11 -g3 -DDEBUG -DUSE_HAL_DRIVER -DSTM32F411xE -c -I../Core/Inc -I../Drivers/STM32F4xx_HAL_Driver/Inc -I../Drivers/STM32F4xx_HAL_Driver/Inc/Legacy -I../Drivers/CMSIS/Device/ST/STM32F4xx/Include -I../Drivers/CMSIS/Include -O0 -ffunction-sections -fdata-sections -Wall -fstack-usage -fcyclomatic-complexity -MMD -MP -MF"Core/Src/motor.d" -MT"Core/Src/motor.o" --specs=nano.specs -mfpu=fpv4-sp-d16 -mfloat-abi=hard -mthumb -o "Core/Src/motor.o"
arm-none-eabi-gcc -o "drive-motor-hcsr04.elf" @"objects.list"   -mcpu=cortex-m4 -T"E:\UFU\TCC\Github Rep\TCC-PA-Robot\ST\Tests\drive-motor-hcsr04\STM32F411CEUX_FLASH.ld" --specs=nosys.specs -Wl,-Map="drive-motor-hcsr04.map" -Wl,--gc-sections -static --specs=nano.specs -mfpu=fpv4-sp-d16 -mfloat-abi=hard -mthumb -Wl,--start-group -lc -lm -Wl,--end-group
Finished building target: drive-motor-hcsr04.elf
 
arm-none-eabi-size   drive-motor-hcsr04.elf 
arm-none-eabi-objdump -h -S  drive-motor-hcsr04.elf  > "drive-motor-hcsr04.list"
   text	   data	    bss	    dec	    hex	filename
  14588	     20	   1868	  16476	   405c	drive-motor-hcsr04.elf
Finished building: default.size.stdout
 
Finished building: drive-motor-hcsr04.list
 
16:53:01 **** Incremental Build of configuration Debug for project drive-motor-hcsr04 ****
make -j12 all 
arm-none-eabi-gcc "../Core/Src/motor.c" -mcpu=cortex-m4 -std=gnu11 -g3 -DDEBUG -DUSE_HAL_DRIVER -DSTM32F411xE -c -I../Core/Inc -I../Drivers/STM32F4xx_HAL_Driver/Inc -I../Drivers/STM32F4xx_HAL_Driver/Inc/Legacy -I../Drivers/CMSIS/Device/ST/STM32F4xx/Include -I../Drivers/CMSIS/Include -O0 -ffunction-sections -fdata-sections -Wall -fstack-usage -fcyclomatic-complexity -MMD -MP -MF"Core/Src/motor.d" -MT"Core/Src/motor.o" --specs=nano.specs -mfpu=fpv4-sp-d16 -mfloat-abi=hard -mthumb -o "Core/Src/motor.o"
arm-none-eabi-gcc -o "drive-motor-hcsr04.elf" @"objects.list"   -mcpu=cortex-m4 -T"E:\UFU\TCC\Github Rep\TCC-PA-Robot\ST\Tests\drive-motor-hcsr04\STM32F411CEUX_FLASH.ld" --specs=nosys.specs -Wl,-Map="drive-motor-hcsr04.map" -Wl,--gc-sections -static --specs=nano.specs -mfpu=fpv4-sp-d16 -mfloat-abi=hard -mthumb -Wl,--start-group -lc -lm -Wl,--end-group
Finished building target: drive-motor-hcsr04.elf
 
arm-none-eabi-size   drive-motor-hcsr04.elf 
arm-none-eabi-objdump -h -S  drive-motor-hcsr04.elf  > "drive-motor-hcsr04.list"
   text	   data	    bss	    dec	    hex	filename
  14624	     20	   1868	  16512	   4080	drive-motor-hcsr04.elf
Finished building: default.size.stdout
 
Finished building: drive-motor-hcsr04.list
 
16:53:43 **** Incremental Build of configuration Debug for project drive-motor-hcsr04 ****
make -j12 all 
arm-none-eabi-gcc "../Core/Src/motor.c" -mcpu=cortex-m4 -std=gnu11 -g3 -DDEBUG -DUSE_HAL_DRIVER -DSTM32F411xE -c -I../Core/Inc -I../Drivers/STM32F4xx_HAL_Driver/Inc -I../Drivers/STM32F4xx_HAL_Driver/Inc/Legacy -I../Drivers/CMSIS/Device/ST/STM32F4xx/Include -I../Drivers/CMSIS/Include -O0 -ffunction-sections -fdata-sections -Wall -fstack-usage -fcyclomatic-complexity -MMD -MP -MF"Core/Src/motor.d" -MT"Core/Src/motor.o" --specs=nano.specs -mfpu=fpv4-sp-d16 -mfloat-abi=hard -mthumb -o "Core/Src/motor.o"
arm-none-eabi-gcc -o "drive-motor-hcsr04.elf" @"objects.list"   -mcpu=cortex-m4 -T"E:\UFU\TCC\Github Rep\TCC-PA-Robot\ST\Tests\drive-motor-hcsr04\STM32F411CEUX_FLASH.ld" --specs=nosys.specs -Wl,-Map="drive-motor-hcsr04.map" -Wl,--gc-sections -static --specs=nano.specs -mfpu=fpv4-sp-d16 -mfloat-abi=hard -mthumb -Wl,--start-group -lc -lm -Wl,--end-group
Finished building target: drive-motor-hcsr04.elf
 
arm-none-eabi-size   drive-motor-hcsr04.elf 
arm-none-eabi-objdump -h -S  drive-motor-hcsr04.elf  > "drive-motor-hcsr04.list"
   text	   data	    bss	    dec	    hex	filename
  14624	     20	   1868	  16512	   4080	drive-motor-hcsr04.elf
Finished building: default.size.stdout
 
Finished building: drive-motor-hcsr04.list
 
16:54:24 **** Incremental Build of configuration Debug for project drive-motor-hcsr04 ****
make -j12 all 
arm-none-eabi-gcc "../Core/Src/motor.c" -mcpu=cortex-m4 -std=gnu11 -g3 -DDEBUG -DUSE_HAL_DRIVER -DSTM32F411xE -c -I../Core/Inc -I../Drivers/STM32F4xx_HAL_Driver/Inc -I../Drivers/STM32F4xx_HAL_Driver/Inc/Legacy -I../Drivers/CMSIS/Device/ST/STM32F4xx/Include -I../Drivers/CMSIS/Include -O0 -ffunction-sections -fdata-sections -Wall -fstack-usage -fcyclomatic-complexity -MMD -MP -MF"Core/Src/motor.d" -MT"Core/Src/motor.o" --specs=nano.specs -mfpu=fpv4-sp-d16 -mfloat-abi=hard -mthumb -o "Core/Src/motor.o"
arm-none-eabi-gcc -o "drive-motor-hcsr04.elf" @"objects.list"   -mcpu=cortex-m4 -T"E:\UFU\TCC\Github Rep\TCC-PA-Robot\ST\Tests\drive-motor-hcsr04\STM32F411CEUX_FLASH.ld" --specs=nosys.specs -Wl,-Map="drive-motor-hcsr04.map" -Wl,--gc-sections -static --specs=nano.specs -mfpu=fpv4-sp-d16 -mfloat-abi=hard -mthumb -Wl,--start-group -lc -lm -Wl,--end-group
Finished building target: drive-motor-hcsr04.elf
 
arm-none-eabi-size   drive-motor-hcsr04.elf 
arm-none-eabi-objdump -h -S  drive-motor-hcsr04.elf  > "drive-motor-hcsr04.list"
   text	   data	    bss	    dec	    hex	filename
  14624	     20	   1868	  16512	   4080	drive-motor-hcsr04.elf
Finished building: default.size.stdout
 
Finished building: drive-motor-hcsr04.list
 
16:55:56 **** Incremental Build of configuration Debug for project drive-motor-hcsr04 ****
make -j12 all 
arm-none-eabi-gcc "../Core/Src/motor.c" -mcpu=cortex-m4 -std=gnu11 -g3 -DDEBUG -DUSE_HAL_DRIVER -DSTM32F411xE -c -I../Core/Inc -I../Drivers/STM32F4xx_HAL_Driver/Inc -I../Drivers/STM32F4xx_HAL_Driver/Inc/Legacy -I../Drivers/CMSIS/Device/ST/STM32F4xx/Include -I../Drivers/CMSIS/Include -O0 -ffunction-sections -fdata-sections -Wall -fstack-usage -fcyclomatic-complexity -MMD -MP -MF"Core/Src/motor.d" -MT"Core/Src/motor.o" --specs=nano.specs -mfpu=fpv4-sp-d16 -mfloat-abi=hard -mthumb -o "Core/Src/motor.o"
arm-none-eabi-gcc -o "drive-motor-hcsr04.elf" @"objects.list"   -mcpu=cortex-m4 -T"E:\UFU\TCC\Github Rep\TCC-PA-Robot\ST\Tests\drive-motor-hcsr04\STM32F411CEUX_FLASH.ld" --specs=nosys.specs -Wl,-Map="drive-motor-hcsr04.map" -Wl,--gc-sections -static --specs=nano.specs -mfpu=fpv4-sp-d16 -mfloat-abi=hard -mthumb -Wl,--start-group -lc -lm -Wl,--end-group
Finished building target: drive-motor-hcsr04.elf
 
arm-none-eabi-size   drive-motor-hcsr04.elf 
arm-none-eabi-objdump -h -S  drive-motor-hcsr04.elf  > "drive-motor-hcsr04.list"
   text	   data	    bss	    dec	    hex	filename
  14624	     20	   1868	  16512	   4080	drive-motor-hcsr04.elf
Finished building: default.size.stdout
 
Finished building: drive-motor-hcsr04.list
 
16:57:50 **** Incremental Build of configuration Debug for project drive-motor-hcsr04 ****
make -j12 all 
arm-none-eabi-gcc "../Core/Src/motor.c" -mcpu=cortex-m4 -std=gnu11 -g3 -DDEBUG -DUSE_HAL_DRIVER -DSTM32F411xE -c -I../Core/Inc -I../Drivers/STM32F4xx_HAL_Driver/Inc -I../Drivers/STM32F4xx_HAL_Driver/Inc/Legacy -I../Drivers/CMSIS/Device/ST/STM32F4xx/Include -I../Drivers/CMSIS/Include -O0 -ffunction-sections -fdata-sections -Wall -fstack-usage -fcyclomatic-complexity -MMD -MP -MF"Core/Src/motor.d" -MT"Core/Src/motor.o" --specs=nano.specs -mfpu=fpv4-sp-d16 -mfloat-abi=hard -mthumb -o "Core/Src/motor.o"
arm-none-eabi-gcc -o "drive-motor-hcsr04.elf" @"objects.list"   -mcpu=cortex-m4 -T"E:\UFU\TCC\Github Rep\TCC-PA-Robot\ST\Tests\drive-motor-hcsr04\STM32F411CEUX_FLASH.ld" --specs=nosys.specs -Wl,-Map="drive-motor-hcsr04.map" -Wl,--gc-sections -static --specs=nano.specs -mfpu=fpv4-sp-d16 -mfloat-abi=hard -mthumb -Wl,--start-group -lc -lm -Wl,--end-group
Finished building target: drive-motor-hcsr04.elf
 
arm-none-eabi-size   drive-motor-hcsr04.elf 
arm-none-eabi-objdump -h -S  drive-motor-hcsr04.elf  > "drive-motor-hcsr04.list"
   text	   data	    bss	    dec	    hex	filename
  14624	     20	   1868	  16512	   4080	drive-motor-hcsr04.elf
Finished building: default.size.stdout
 
Finished building: drive-motor-hcsr04.list
 
16:59:04 **** Incremental Build of configuration Debug for project drive-motor-hcsr04 ****
make -j12 all 
arm-none-eabi-gcc "../Core/Src/motor.c" -mcpu=cortex-m4 -std=gnu11 -g3 -DDEBUG -DUSE_HAL_DRIVER -DSTM32F411xE -c -I../Core/Inc -I../Drivers/STM32F4xx_HAL_Driver/Inc -I../Drivers/STM32F4xx_HAL_Driver/Inc/Legacy -I../Drivers/CMSIS/Device/ST/STM32F4xx/Include -I../Drivers/CMSIS/Include -O0 -ffunction-sections -fdata-sections -Wall -fstack-usage -fcyclomatic-complexity -MMD -MP -MF"Core/Src/motor.d" -MT"Core/Src/motor.o" --specs=nano.specs -mfpu=fpv4-sp-d16 -mfloat-abi=hard -mthumb -o "Core/Src/motor.o"
arm-none-eabi-gcc -o "drive-motor-hcsr04.elf" @"objects.list"   -mcpu=cortex-m4 -T"E:\UFU\TCC\Github Rep\TCC-PA-Robot\ST\Tests\drive-motor-hcsr04\STM32F411CEUX_FLASH.ld" --specs=nosys.specs -Wl,-Map="drive-motor-hcsr04.map" -Wl,--gc-sections -static --specs=nano.specs -mfpu=fpv4-sp-d16 -mfloat-abi=hard -mthumb -Wl,--start-group -lc -lm -Wl,--end-group
Finished building target: drive-motor-hcsr04.elf
 
arm-none-eabi-size   drive-motor-hcsr04.elf 
arm-none-eabi-objdump -h -S  drive-motor-hcsr04.elf  > "drive-motor-hcsr04.list"
   text	   data	    bss	    dec	    hex	filename
  14624	     20	   1868	  16512	   4080	drive-motor-hcsr04.elf
Finished building: default.size.stdout
 
Finished building: drive-motor-hcsr04.list
 
17:22:37 **** Incremental Build of configuration Debug for project drive-motor-hcsr04 ****
make -j12 all 
arm-none-eabi-gcc "../Core/Src/main.c" -mcpu=cortex-m4 -std=gnu11 -g3 -DDEBUG -DUSE_HAL_DRIVER -DSTM32F411xE -c -I"E:/UFU/TCC/Github Rep/TCC-PA-Robot/ST/Tests/drive-motor-hcsr04/Core/Inc" -I../Drivers/STM32F4xx_HAL_Driver/Inc -I../Drivers/STM32F4xx_HAL_Driver/Inc/Legacy -I../Drivers/CMSIS/Device/ST/STM32F4xx/Include -I../Drivers/CMSIS/Include -O0 -ffunction-sections -fdata-sections -Wall -fstack-usage -fcyclomatic-complexity -MMD -MP -MF"Core/Src/main.d" -MT"Core/Src/main.o" --specs=nano.specs -mfpu=fpv4-sp-d16 -mfloat-abi=hard -mthumb -o "Core/Src/main.o"
arm-none-eabi-gcc "../Core/Src/motor.c" -mcpu=cortex-m4 -std=gnu11 -g3 -DDEBUG -DUSE_HAL_DRIVER -DSTM32F411xE -c -I../Core/Inc -I../Drivers/STM32F4xx_HAL_Driver/Inc -I../Drivers/STM32F4xx_HAL_Driver/Inc/Legacy -I../Drivers/CMSIS/Device/ST/STM32F4xx/Include -I../Drivers/CMSIS/Include -O0 -ffunction-sections -fdata-sections -Wall -fstack-usage -fcyclomatic-complexity -MMD -MP -MF"Core/Src/motor.d" -MT"Core/Src/motor.o" --specs=nano.specs -mfpu=fpv4-sp-d16 -mfloat-abi=hard -mthumb -o "Core/Src/motor.o"
arm-none-eabi-gcc -o "drive-motor-hcsr04.elf" @"objects.list"   -mcpu=cortex-m4 -T"E:\UFU\TCC\Github Rep\TCC-PA-Robot\ST\Tests\drive-motor-hcsr04\STM32F411CEUX_FLASH.ld" --specs=nosys.specs -Wl,-Map="drive-motor-hcsr04.map" -Wl,--gc-sections -static --specs=nano.specs -mfpu=fpv4-sp-d16 -mfloat-abi=hard -mthumb -Wl,--start-group -lc -lm -Wl,--end-group
Finished building target: drive-motor-hcsr04.elf
 
arm-none-eabi-size   drive-motor-hcsr04.elf 
arm-none-eabi-objdump -h -S  drive-motor-hcsr04.elf  > "drive-motor-hcsr04.list"
   text	   data	    bss	    dec	    hex	filename
  14624	     20	   1868	  16512	   4080	drive-motor-hcsr04.elf
Finished building: default.size.stdout
 
Finished building: drive-motor-hcsr04.list
 
17:23:38 **** Incremental Build of configuration Debug for project drive-motor-hcsr04 ****
make -j12 all 
arm-none-eabi-gcc "../Core/Src/motor.c" -mcpu=cortex-m4 -std=gnu11 -g3 -DDEBUG -DUSE_HAL_DRIVER -DSTM32F411xE -c -I../Core/Inc -I../Drivers/STM32F4xx_HAL_Driver/Inc -I../Drivers/STM32F4xx_HAL_Driver/Inc/Legacy -I../Drivers/CMSIS/Device/ST/STM32F4xx/Include -I../Drivers/CMSIS/Include -O0 -ffunction-sections -fdata-sections -Wall -fstack-usage -fcyclomatic-complexity -MMD -MP -MF"Core/Src/motor.d" -MT"Core/Src/motor.o" --specs=nano.specs -mfpu=fpv4-sp-d16 -mfloat-abi=hard -mthumb -o "Core/Src/motor.o"
arm-none-eabi-gcc -o "drive-motor-hcsr04.elf" @"objects.list"   -mcpu=cortex-m4 -T"E:\UFU\TCC\Github Rep\TCC-PA-Robot\ST\Tests\drive-motor-hcsr04\STM32F411CEUX_FLASH.ld" --specs=nosys.specs -Wl,-Map="drive-motor-hcsr04.map" -Wl,--gc-sections -static --specs=nano.specs -mfpu=fpv4-sp-d16 -mfloat-abi=hard -mthumb -Wl,--start-group -lc -lm -Wl,--end-group
Finished building target: drive-motor-hcsr04.elf
 
arm-none-eabi-size   drive-motor-hcsr04.elf 
arm-none-eabi-objdump -h -S  drive-motor-hcsr04.elf  > "drive-motor-hcsr04.list"
   text	   data	    bss	    dec	    hex	filename
  14624	     20	   1868	  16512	   4080	drive-motor-hcsr04.elf
Finished building: default.size.stdout
 
Finished building: drive-motor-hcsr04.list
 
